src/components/ErrorBoundary.tsx(28,10): error TS2339: Property 'setState' does not exist on type 'ErrorBoundary'.
src/components/ErrorBoundary.tsx(65,17): error TS2339: Property 'props' does not exist on type 'ErrorBoundary'.
src/components/InputSection.tsx(991,41): error TS2322: Type '{ key: any; config: any; }' is not assignable to type '{ config: ChapterConfig; isAddendum?: boolean; }'.
  Property 'key' does not exist on type '{ config: ChapterConfig; isAddendum?: boolean; }'.
src/components/InputSection.tsx(1031,49): error TS2322: Type '{ key: any; config: any; isAddendum: true; }' is not assignable to type '{ config: ChapterConfig; isAddendum?: boolean; }'.
  Property 'key' does not exist on type '{ config: ChapterConfig; isAddendum?: boolean; }'.
